 ___  ___  ________      _____ ______   ________    _______     
|\  \|\  \|\  _____\    |\   _ \  _   \|\   __  \  /  ___  \    
\ \  \\\  \ \  \__/     \ \  \\\__\ \  \ \  \|\  \/__/|_/  /|   
 \ \   __  \ \   __\     \ \  \\|__| \  \ \   ____\__|//  / /   
  \ \  \ \  \ \  \_|      \ \  \    \ \  \ \  \___|   /  /_/__  
   \ \__\ \__\ \__\        \ \__\    \ \__\ \__\     |\________\
    \|__|\|__|\|__|         \|__|     \|__|\|__|      \|_______|

Welcome to the Hartree-Fock and MP2 energy calculation program.

Calculating the Hartree-Fock energy...
Done!

Calculating the MP2 energy correction...
Done!

################## Energy Summary ##################

Nuclear repulsion energy:           40.193443
One-electron energy:                 -236.672347
Two-electron energy:                 81.430488
Hartree-Fock energy:                 -115.048416
MP2 energy correction:               -0.343091
Total energy (HF + MP2):             -115.391507

################ System Information ################

Number of occupied orbitals:         9
Number of molecular orbitals:        48
Number of two-electron integrals:    692076

Your calculation is done.
Thank you for using the program!
